Blender 4.5.9 LTS (hash 8bf95cbd38d1 built 2026-04-21 01:33:45)
Fra:1 Mem:40.96M (Peak 40.96M) | Time:00:24.58 | Rendering 1 / 64 samples
Fra:1 Mem:40.96M (Peak 40.96M) | Time:00:24.64 | Rendering 25 / 64 samples
Fra:1 Mem:40.96M (Peak 40.96M) | Time:00:24.66 | Rendering 50 / 64 samples
Fra:1 Mem:40.96M (Peak 40.96M) | Time:00:24.67 | Rendering 64 / 64 samples
Saved: 'D:\AI\04_게임\동물농장\_assets\blender_sprites\cow\frame_00.png'
Time: 00:25.22 (Saving: 00:00.42)

Fra:1 Mem:40.96M (Peak 40.96M) | Time:00:02.73 | Rendering 1 / 64 samples
Fra:1 Mem:40.96M (Peak 40.96M) | Time:00:02.75 | Rendering 25 / 64 samples
Fra:1 Mem:40.96M (Peak 40.96M) | Time:00:02.77 | Rendering 50 / 64 samples
Fra:1 Mem:40.96M (Peak 40.96M) | Time:00:02.78 | Rendering 64 / 64 samples
Saved: 'D:\AI\04_게임\동물농장\_assets\blender_sprites\cow\frame_01.png'
Time: 00:02.98 (Saving: 00:00.18)

Fra:1 Mem:40.96M (Peak 40.96M) | Time:00:00.03 | Rendering 1 / 64 samples
Fra:1 Mem:40.96M (Peak 40.96M) | Time:00:00.05 | Rendering 25 / 64 samples
Fra:1 Mem:40.96M (Peak 40.96M) | Time:00:00.07 | Rendering 50 / 64 samples
Fra:1 Mem:40.96M (Peak 40.96M) | Time:00:00.08 | Rendering 64 / 64 samples
Saved: 'D:\AI\04_게임\동물농장\_assets\blender_sprites\cow\frame_02.png'
Time: 00:00.25 (Saving: 00:00.15)

Fra:1 Mem:40.96M (Peak 40.96M) | Time:00:00.02 | Rendering 1 / 64 samples
Fra:1 Mem:40.96M (Peak 40.96M) | Time:00:00.04 | Rendering 25 / 64 samples
Fra:1 Mem:40.96M (Peak 40.96M) | Time:00:00.05 | Rendering 50 / 64 samples
Fra:1 Mem:40.96M (Peak 40.96M) | Time:00:00.06 | Rendering 64 / 64 samples
Saved: 'D:\AI\04_게임\동물농장\_assets\blender_sprites\cow\frame_03.png'
Time: 00:00.27 (Saving: 00:00.19)

Fra:1 Mem:40.96M (Peak 40.96M) | Time:00:00.02 | Rendering 1 / 64 samples
Fra:1 Mem:40.96M (Peak 40.96M) | Time:00:00.04 | Rendering 25 / 64 samples
Fra:1 Mem:40.96M (Peak 40.96M) | Time:00:00.06 | Rendering 50 / 64 samples
Fra:1 Mem:40.96M (Peak 40.96M) | Time:00:00.07 | Rendering 64 / 64 samples
Saved: 'D:\AI\04_게임\동물농장\_assets\blender_sprites\cow\frame_04.png'
Time: 00:00.25 (Saving: 00:00.17)

Fra:1 Mem:40.96M (Peak 40.96M) | Time:00:02.87 | Rendering 1 / 64 samples
Fra:1 Mem:40.96M (Peak 40.96M) | Time:00:02.89 | Rendering 25 / 64 samples
Fra:1 Mem:40.96M (Peak 40.96M) | Time:00:02.91 | Rendering 50 / 64 samples
Fra:1 Mem:40.96M (Peak 40.96M) | Time:00:02.92 | Rendering 64 / 64 samples
Saved: 'D:\AI\04_게임\동물농장\_assets\blender_sprites\cow\frame_05.png'
Time: 00:03.14 (Saving: 00:00.20)

Fra:1 Mem:40.96M (Peak 40.96M) | Time:00:00.02 | Rendering 1 / 64 samples
Fra:1 Mem:40.96M (Peak 40.96M) | Time:00:00.04 | Rendering 25 / 64 samples
Fra:1 Mem:40.96M (Peak 40.96M) | Time:00:00.05 | Rendering 50 / 64 samples
Fra:1 Mem:40.96M (Peak 40.96M) | Time:00:00.06 | Rendering 64 / 64 samples
Saved: 'D:\AI\04_게임\동물농장\_assets\blender_sprites\cow\frame_06.png'
Time: 00:00.27 (Saving: 00:00.19)

Fra:1 Mem:40.96M (Peak 40.96M) | Time:00:00.02 | Rendering 1 / 64 samples
Fra:1 Mem:40.96M (Peak 40.96M) | Time:00:00.04 | Rendering 25 / 64 samples
Fra:1 Mem:40.96M (Peak 40.96M) | Time:00:00.05 | Rendering 50 / 64 samples
Fra:1 Mem:40.96M (Peak 40.96M) | Time:00:00.06 | Rendering 64 / 64 samples
Saved: 'D:\AI\04_게임\동물농장\_assets\blender_sprites\cow\frame_07.png'
Time: 00:00.17 (Saving: 00:00.10)

Fra:1 Mem:42.90M (Peak 42.90M) | Time:00:02.71 | Rendering 1 / 64 samples
Fra:1 Mem:42.90M (Peak 42.90M) | Time:00:02.72 | Rendering 25 / 64 samples
Fra:1 Mem:42.90M (Peak 42.90M) | Time:00:02.74 | Rendering 50 / 64 samples
Fra:1 Mem:42.90M (Peak 42.90M) | Time:00:02.75 | Rendering 64 / 64 samples
Saved: 'D:\AI\04_게임\동물농장\_assets\blender_sprites\pig\frame_00.png'
Time: 00:02.97 (Saving: 00:00.20)

Fra:1 Mem:42.90M (Peak 42.90M) | Time:00:00.02 | Rendering 1 / 64 samples
Fra:1 Mem:42.90M (Peak 42.90M) | Time:00:00.04 | Rendering 25 / 64 samples
Fra:1 Mem:42.90M (Peak 42.90M) | Time:00:00.06 | Rendering 50 / 64 samples
Fra:1 Mem:42.90M (Peak 42.90M) | Time:00:00.07 | Rendering 64 / 64 samples
Saved: 'D:\AI\04_게임\동물농장\_assets\blender_sprites\pig\frame_01.png'
Time: 00:00.32 (Saving: 00:00.23)

Fra:1 Mem:42.90M (Peak 42.90M) | Time:00:00.02 | Rendering 1 / 64 samples
Fra:1 Mem:42.90M (Peak 42.90M) | Time:00:00.04 | Rendering 25 / 64 samples
Fra:1 Mem:42.90M (Peak 42.90M) | Time:00:00.06 | Rendering 50 / 64 samples
Fra:1 Mem:42.90M (Peak 42.90M) | Time:00:00.07 | Rendering 64 / 64 samples
Saved: 'D:\AI\04_게임\동물농장\_assets\blender_sprites\pig\frame_02.png'
Time: 00:00.32 (Saving: 00:00.23)

Fra:1 Mem:42.90M (Peak 42.90M) | Time:00:02.99 | Rendering 1 / 64 samples
Fra:1 Mem:42.90M (Peak 42.90M) | Time:00:03.00 | Rendering 25 / 64 samples
Fra:1 Mem:42.90M (Peak 42.90M) | Time:00:03.02 | Rendering 50 / 64 samples
Fra:1 Mem:42.90M (Peak 42.90M) | Time:00:03.03 | Rendering 64 / 64 samples
Saved: 'D:\AI\04_게임\동물농장\_assets\blender_sprites\pig\frame_03.png'
Time: 00:03.29 (Saving: 00:00.24)

Fra:1 Mem:42.90M (Peak 42.90M) | Time:00:00.02 | Rendering 1 / 64 samples
Fra:1 Mem:42.90M (Peak 42.90M) | Time:00:00.04 | Rendering 25 / 64 samples
Fra:1 Mem:42.90M (Peak 42.90M) | Time:00:00.05 | Rendering 50 / 64 samples
Fra:1 Mem:42.90M (Peak 42.90M) | Time:00:00.06 | Rendering 64 / 64 samples
Saved: 'D:\AI\04_게임\동물농장\_assets\blender_sprites\pig\frame_04.png'
Time: 00:00.15 (Saving: 00:00.07)

Fra:1 Mem:42.90M (Peak 42.90M) | Time:00:00.02 | Rendering 1 / 64 samples
Fra:1 Mem:42.90M (Peak 42.90M) | Time:00:00.04 | Rendering 25 / 64 samples
Fra:1 Mem:42.90M (Peak 42.90M) | Time:00:00.06 | Rendering 50 / 64 samples
Fra:1 Mem:42.90M (Peak 42.90M) | Time:00:00.07 | Rendering 64 / 64 samples
Saved: 'D:\AI\04_게임\동물농장\_assets\blender_sprites\pig\frame_05.png'
Time: 00:00.30 (Saving: 00:00.22)

Fra:1 Mem:42.90M (Peak 42.90M) | Time:00:00.02 | Rendering 1 / 64 samples
Fra:1 Mem:42.90M (Peak 42.90M) | Time:00:00.03 | Rendering 25 / 64 samples
Fra:1 Mem:42.90M (Peak 42.90M) | Time:00:00.05 | Rendering 50 / 64 samples
Fra:1 Mem:42.90M (Peak 42.90M) | Time:00:00.06 | Rendering 64 / 64 samples
Saved: 'D:\AI\04_게임\동물농장\_assets\blender_sprites\pig\frame_06.png'
Time: 00:00.25 (Saving: 00:00.17)

Fra:1 Mem:42.90M (Peak 42.90M) | Time:00:02.95 | Rendering 1 / 64 samples
Fra:1 Mem:42.90M (Peak 42.90M) | Time:00:02.97 | Rendering 25 / 64 samples
Fra:1 Mem:42.90M (Peak 42.90M) | Time:00:02.98 | Rendering 50 / 64 samples
Fra:1 Mem:42.90M (Peak 42.90M) | Time:00:03.00 | Rendering 64 / 64 samples
Saved: 'D:\AI\04_게임\동물농장\_assets\blender_sprites\pig\frame_07.png'
Time: 00:03.27 (Saving: 00:00.26)

Fra:1 Mem:44.84M (Peak 44.84M) | Time:00:02.89 | Rendering 1 / 64 samples
Fra:1 Mem:44.84M (Peak 44.84M) | Time:00:02.90 | Rendering 25 / 64 samples
Fra:1 Mem:44.84M (Peak 44.84M) | Time:00:02.92 | Rendering 50 / 64 samples
Fra:1 Mem:44.84M (Peak 44.84M) | Time:00:02.94 | Rendering 64 / 64 samples
Saved: 'D:\AI\04_게임\동물농장\_assets\blender_sprites\chicken\frame_00.png'
Time: 00:02.98 (Saving: 00:00.03)

Fra:1 Mem:44.84M (Peak 44.84M) | Time:00:00.03 | Rendering 1 / 64 samples
Fra:1 Mem:44.84M (Peak 44.84M) | Time:00:00.04 | Rendering 25 / 64 samples
Fra:1 Mem:44.84M (Peak 44.84M) | Time:00:00.06 | Rendering 50 / 64 samples
Fra:1 Mem:44.84M (Peak 44.84M) | Time:00:00.07 | Rendering 64 / 64 samples
Saved: 'D:\AI\04_게임\동물농장\_assets\blender_sprites\chicken\frame_01.png'
Time: 00:00.30 (Saving: 00:00.21)

Fra:1 Mem:44.84M (Peak 44.84M) | Time:00:00.02 | Rendering 1 / 64 samples
Fra:1 Mem:44.84M (Peak 44.84M) | Time:00:00.03 | Rendering 25 / 64 samples
Fra:1 Mem:44.84M (Peak 44.84M) | Time:00:00.05 | Rendering 50 / 64 samples
Fra:1 Mem:44.84M (Peak 44.84M) | Time:00:00.06 | Rendering 64 / 64 samples
Saved: 'D:\AI\04_게임\동물농장\_assets\blender_sprites\chicken\frame_02.png'
Time: 00:00.28 (Saving: 00:00.21)

Fra:1 Mem:44.84M (Peak 44.84M) | Time:00:00.02 | Rendering 1 / 64 samples
Fra:1 Mem:44.84M (Peak 44.84M) | Time:00:00.04 | Rendering 25 / 64 samples
Fra:1 Mem:44.84M (Peak 44.84M) | Time:00:00.06 | Rendering 50 / 64 samples
Fra:1 Mem:44.84M (Peak 44.84M) | Time:00:00.07 | Rendering 64 / 64 samples
Saved: 'D:\AI\04_게임\동물농장\_assets\blender_sprites\chicken\frame_03.png'
Time: 00:00.27 (Saving: 00:00.18)

Fra:1 Mem:44.84M (Peak 44.84M) | Time:00:03.17 | Rendering 1 / 64 samples
Fra:1 Mem:44.84M (Peak 44.84M) | Time:00:03.19 | Rendering 25 / 64 samples
Fra:1 Mem:44.84M (Peak 44.84M) | Time:00:03.20 | Rendering 50 / 64 samples
Fra:1 Mem:44.84M (Peak 44.84M) | Time:00:03.21 | Rendering 64 / 64 samples
Saved: 'D:\AI\04_게임\동물농장\_assets\blender_sprites\chicken\frame_04.png'
Time: 00:03.40 (Saving: 00:00.16)

Fra:1 Mem:44.84M (Peak 44.84M) | Time:00:00.02 | Rendering 1 / 64 samples
Fra:1 Mem:44.84M (Peak 44.84M) | Time:00:00.04 | Rendering 25 / 64 samples
Fra:1 Mem:44.84M (Peak 44.84M) | Time:00:00.05 | Rendering 50 / 64 samples
Fra:1 Mem:44.84M (Peak 44.84M) | Time:00:00.06 | Rendering 64 / 64 samples
Saved: 'D:\AI\04_게임\동물농장\_assets\blender_sprites\chicken\frame_05.png'
Time: 00:00.27 (Saving: 00:00.19)

Fra:1 Mem:44.84M (Peak 44.84M) | Time:00:00.02 | Rendering 1 / 64 samples
Fra:1 Mem:44.84M (Peak 44.84M) | Time:00:00.04 | Rendering 25 / 64 samples
Fra:1 Mem:44.84M (Peak 44.84M) | Time:00:00.05 | Rendering 50 / 64 samples
Fra:1 Mem:44.84M (Peak 44.84M) | Time:00:00.06 | Rendering 64 / 64 samples
Saved: 'D:\AI\04_게임\동물농장\_assets\blender_sprites\chicken\frame_06.png'
Time: 00:00.24 (Saving: 00:00.17)

Fra:1 Mem:44.84M (Peak 44.84M) | Time:00:00.02 | Rendering 1 / 64 samples
Fra:1 Mem:44.84M (Peak 44.84M) | Time:00:00.04 | Rendering 25 / 64 samples
Fra:1 Mem:44.84M (Peak 44.84M) | Time:00:00.07 | Rendering 50 / 64 samples
Fra:1 Mem:44.84M (Peak 44.84M) | Time:00:00.08 | Rendering 64 / 64 samples
Saved: 'D:\AI\04_게임\동물농장\_assets\blender_sprites\chicken\frame_07.png'
Time: 00:01.82 (Saving: 00:00.64)

출력 폴더: D:\AI\04_게임\동물농장\_assets\blender_sprites
렌더 동물: ['cow', 'pig', 'chicken']

=== COW 렌더 시작 ===
  [cow] 방향 1/8 렌더 완료: D:\AI\04_게임\동물농장\_assets\blender_sprites\cow\frame_00.png
  [cow] 방향 2/8 렌더 완료: D:\AI\04_게임\동물농장\_assets\blender_sprites\cow\frame_01.png
  [cow] 방향 3/8 렌더 완료: D:\AI\04_게임\동물농장\_assets\blender_sprites\cow\frame_02.png
  [cow] 방향 4/8 렌더 완료: D:\AI\04_게임\동물농장\_assets\blender_sprites\cow\frame_03.png
  [cow] 방향 5/8 렌더 완료: D:\AI\04_게임\동물농장\_assets\blender_sprites\cow\frame_04.png
  [cow] 방향 6/8 렌더 완료: D:\AI\04_게임\동물농장\_assets\blender_sprites\cow\frame_05.png
  [cow] 방향 7/8 렌더 완료: D:\AI\04_게임\동물농장\_assets\blender_sprites\cow\frame_06.png
  [cow] 방향 8/8 렌더 완료: D:\AI\04_게임\동물농장\_assets\blender_sprites\cow\frame_07.png
  스프라이트시트 저장: D:\AI\04_게임\동물농장\_assets\blender_sprites\cow\sheet.png (2048x256)
=== COW 완료 ===


=== PIG 렌더 시작 ===
  [pig] 방향 1/8 렌더 완료: D:\AI\04_게임\동물농장\_assets\blender_sprites\pig\frame_00.png
  [pig] 방향 2/8 렌더 완료: D:\AI\04_게임\동물농장\_assets\blender_sprites\pig\frame_01.png
  [pig] 방향 3/8 렌더 완료: D:\AI\04_게임\동물농장\_assets\blender_sprites\pig\frame_02.png
  [pig] 방향 4/8 렌더 완료: D:\AI\04_게임\동물농장\_assets\blender_sprites\pig\frame_03.png
  [pig] 방향 5/8 렌더 완료: D:\AI\04_게임\동물농장\_assets\blender_sprites\pig\frame_04.png
  [pig] 방향 6/8 렌더 완료: D:\AI\04_게임\동물농장\_assets\blender_sprites\pig\frame_05.png
  [pig] 방향 7/8 렌더 완료: D:\AI\04_게임\동물농장\_assets\blender_sprites\pig\frame_06.png
  [pig] 방향 8/8 렌더 완료: D:\AI\04_게임\동물농장\_assets\blender_sprites\pig\frame_07.png
  스프라이트시트 저장: D:\AI\04_게임\동물농장\_assets\blender_sprites\pig\sheet.png (2048x256)
=== PIG 완료 ===


=== CHICKEN 렌더 시작 ===
  [chicken] 방향 1/8 렌더 완료: D:\AI\04_게임\동물농장\_assets\blender_sprites\chicken\frame_00.png
  [chicken] 방향 2/8 렌더 완료: D:\AI\04_게임\동물농장\_assets\blender_sprites\chicken\frame_01.png
  [chicken] 방향 3/8 렌더 완료: D:\AI\04_게임\동물농장\_assets\blender_sprites\chicken\frame_02.png
  [chicken] 방향 4/8 렌더 완료: D:\AI\04_게임\동물농장\_assets\blender_sprites\chicken\frame_03.png
  [chicken] 방향 5/8 렌더 완료: D:\AI\04_게임\동물농장\_assets\blender_sprites\chicken\frame_04.png
  [chicken] 방향 6/8 렌더 완료: D:\AI\04_게임\동물농장\_assets\blender_sprites\chicken\frame_05.png
  [chicken] 방향 7/8 렌더 완료: D:\AI\04_게임\동물농장\_assets\blender_sprites\chicken\frame_06.png
  [chicken] 방향 8/8 렌더 완료: D:\AI\04_게임\동물농장\_assets\blender_sprites\chicken\frame_07.png
  스프라이트시트 저장: D:\AI\04_게임\동물농장\_assets\blender_sprites\chicken\sheet.png (2048x256)
=== CHICKEN 완료 ===


[전체 완료] 모든 동물 스프라이트시트 생성 완료.

Blender quit
